// Jest Snapshot v1, https://goo.gl/fbAQLP

exports[`Chat matches snapshot 1`] = `
ShallowWrapper {
  "length": 1,
  Symbol(enzyme.__root__): [Circular],
  Symbol(enzyme.__unrendered__): <Chat
    chat={
        Object {
            "members": Object {
              "3": Object {
                "name": "person1",
              },
              "4": Object {
                "name": "person2",
              },
            },
            "timeStamp": "34",
          }
    }
/>,
  Symbol(enzyme.__renderer__): Object {
    "batchedUpdates": [Function],
    "getNode": [Function],
    "render": [Function],
    "simulateEvent": [Function],
    "unmount": [Function],
  },
  Symbol(enzyme.__node__): Object {
    "instance": null,
    "key": undefined,
    "nodeType": "host",
    "props": Object {
      "children": <Link
        replace={false}
        to={
                Object {
                        "pathname": "/messages/undefined",
                      }
        }
>
        <h3>
                Members: 
                <span>
                        
                </span>
        </h3>
        <h2>
                34
        </h2>
        <p />
</Link>,
      "className": "chat",
    },
    "ref": null,
    "rendered": Object {
      "instance": null,
      "key": undefined,
      "nodeType": "class",
      "props": Object {
        "children": Array [
          <h3>
            Members: 
            <span>
                        
            </span>
</h3>,
          <h2>
            34
</h2>,
          <p />,
        ],
        "replace": false,
        "to": Object {
          "pathname": "/messages/undefined",
        },
      },
      "ref": null,
      "rendered": Array [
        Object {
          "instance": null,
          "key": undefined,
          "nodeType": "host",
          "props": Object {
            "children": Array [
              "Members: ",
              <span>
                
</span>,
            ],
          },
          "ref": null,
          "rendered": Array [
            "Members: ",
            Object {
              "instance": null,
              "key": undefined,
              "nodeType": "host",
              "props": Object {
                "children": Array [
                  undefined,
                  undefined,
                ],
              },
              "ref": null,
              "rendered": Array [
                undefined,
                undefined,
              ],
              "type": "span",
            },
          ],
          "type": "h3",
        },
        Object {
          "instance": null,
          "key": undefined,
          "nodeType": "host",
          "props": Object {
            "children": "34",
          },
          "ref": null,
          "rendered": "34",
          "type": "h2",
        },
        Object {
          "instance": null,
          "key": undefined,
          "nodeType": "host",
          "props": Object {
            "children": undefined,
          },
          "ref": null,
          "rendered": null,
          "type": "p",
        },
      ],
      "type": [Function],
    },
    "type": "div",
  },
  Symbol(enzyme.__nodes__): Array [
    Object {
      "instance": null,
      "key": undefined,
      "nodeType": "host",
      "props": Object {
        "children": <Link
          replace={false}
          to={
                    Object {
                              "pathname": "/messages/undefined",
                            }
          }
>
          <h3>
                    Members: 
                    <span>
                              
                    </span>
          </h3>
          <h2>
                    34
          </h2>
          <p />
</Link>,
        "className": "chat",
      },
      "ref": null,
      "rendered": Object {
        "instance": null,
        "key": undefined,
        "nodeType": "class",
        "props": Object {
          "children": Array [
            <h3>
              Members: 
              <span>
                            
              </span>
</h3>,
            <h2>
              34
</h2>,
            <p />,
          ],
          "replace": false,
          "to": Object {
            "pathname": "/messages/undefined",
          },
        },
        "ref": null,
        "rendered": Array [
          Object {
            "instance": null,
            "key": undefined,
            "nodeType": "host",
            "props": Object {
              "children": Array [
                "Members: ",
                <span>
                  
</span>,
              ],
            },
            "ref": null,
            "rendered": Array [
              "Members: ",
              Object {
                "instance": null,
                "key": undefined,
                "nodeType": "host",
                "props": Object {
                  "children": Array [
                    undefined,
                    undefined,
                  ],
                },
                "ref": null,
                "rendered": Array [
                  undefined,
                  undefined,
                ],
                "type": "span",
              },
            ],
            "type": "h3",
          },
          Object {
            "instance": null,
            "key": undefined,
            "nodeType": "host",
            "props": Object {
              "children": "34",
            },
            "ref": null,
            "rendered": "34",
            "type": "h2",
          },
          Object {
            "instance": null,
            "key": undefined,
            "nodeType": "host",
            "props": Object {
              "children": undefined,
            },
            "ref": null,
            "rendered": null,
            "type": "p",
          },
        ],
        "type": [Function],
      },
      "type": "div",
    },
  ],
  Symbol(enzyme.__options__): Object {
    "adapter": ReactSixteenAdapter {
      "options": Object {
        "enableComponentDidUpdateOnSetState": true,
      },
    },
  },
}
`;
