// Jest Snapshot v1, https://goo.gl/fbAQLP

exports[`SignUp matches snapshot 1`] = `
ShallowWrapper {
  "length": 1,
  Symbol(enzyme.__root__): [Circular],
  Symbol(enzyme.__unrendered__): <SignUp
    setLogin={[Function]}
/>,
  Symbol(enzyme.__renderer__): Object {
    "batchedUpdates": [Function],
    "getNode": [Function],
    "render": [Function],
    "simulateEvent": [Function],
    "unmount": [Function],
  },
  Symbol(enzyme.__node__): Object {
    "instance": null,
    "key": undefined,
    "nodeType": "host",
    "props": Object {
      "children": <form
        className="sign-up"
        onSubmit={[Function]}
>
        <input
                name="name"
                onChange={[Function]}
                placeholder="name"
                type="name"
                value=""
        />
        <input
                name="email"
                onChange={[Function]}
                placeholder="email"
                type="email"
                value={undefined}
        />
        <input
                name="password"
                onChange={[Function]}
                placeholder="password"
                type="password"
                value=""
        />
        <button
                className="sign-up-btn"
        >
                Sign up
        </button>
</form>,
      "className": "form-wrapper",
    },
    "ref": null,
    "rendered": Object {
      "instance": null,
      "key": undefined,
      "nodeType": "host",
      "props": Object {
        "children": Array [
          null,
          <input
            name="name"
            onChange={[Function]}
            placeholder="name"
            type="name"
            value=""
/>,
          <input
            name="email"
            onChange={[Function]}
            placeholder="email"
            type="email"
            value={undefined}
/>,
          <input
            name="password"
            onChange={[Function]}
            placeholder="password"
            type="password"
            value=""
/>,
          <button
            className="sign-up-btn"
>
            Sign up
</button>,
        ],
        "className": "sign-up",
        "onSubmit": [Function],
      },
      "ref": null,
      "rendered": Array [
        null,
        Object {
          "instance": null,
          "key": undefined,
          "nodeType": "host",
          "props": Object {
            "name": "name",
            "onChange": [Function],
            "placeholder": "name",
            "type": "name",
            "value": "",
          },
          "ref": null,
          "rendered": null,
          "type": "input",
        },
        Object {
          "instance": null,
          "key": undefined,
          "nodeType": "host",
          "props": Object {
            "name": "email",
            "onChange": [Function],
            "placeholder": "email",
            "type": "email",
            "value": undefined,
          },
          "ref": null,
          "rendered": null,
          "type": "input",
        },
        Object {
          "instance": null,
          "key": undefined,
          "nodeType": "host",
          "props": Object {
            "name": "password",
            "onChange": [Function],
            "placeholder": "password",
            "type": "password",
            "value": "",
          },
          "ref": null,
          "rendered": null,
          "type": "input",
        },
        Object {
          "instance": null,
          "key": undefined,
          "nodeType": "host",
          "props": Object {
            "children": "Sign up",
            "className": "sign-up-btn",
          },
          "ref": null,
          "rendered": "Sign up",
          "type": "button",
        },
      ],
      "type": "form",
    },
    "type": "div",
  },
  Symbol(enzyme.__nodes__): Array [
    Object {
      "instance": null,
      "key": undefined,
      "nodeType": "host",
      "props": Object {
        "children": <form
          className="sign-up"
          onSubmit={[Function]}
>
          <input
                    name="name"
                    onChange={[Function]}
                    placeholder="name"
                    type="name"
                    value=""
          />
          <input
                    name="email"
                    onChange={[Function]}
                    placeholder="email"
                    type="email"
                    value={undefined}
          />
          <input
                    name="password"
                    onChange={[Function]}
                    placeholder="password"
                    type="password"
                    value=""
          />
          <button
                    className="sign-up-btn"
          >
                    Sign up
          </button>
</form>,
        "className": "form-wrapper",
      },
      "ref": null,
      "rendered": Object {
        "instance": null,
        "key": undefined,
        "nodeType": "host",
        "props": Object {
          "children": Array [
            null,
            <input
              name="name"
              onChange={[Function]}
              placeholder="name"
              type="name"
              value=""
/>,
            <input
              name="email"
              onChange={[Function]}
              placeholder="email"
              type="email"
              value={undefined}
/>,
            <input
              name="password"
              onChange={[Function]}
              placeholder="password"
              type="password"
              value=""
/>,
            <button
              className="sign-up-btn"
>
              Sign up
</button>,
          ],
          "className": "sign-up",
          "onSubmit": [Function],
        },
        "ref": null,
        "rendered": Array [
          null,
          Object {
            "instance": null,
            "key": undefined,
            "nodeType": "host",
            "props": Object {
              "name": "name",
              "onChange": [Function],
              "placeholder": "name",
              "type": "name",
              "value": "",
            },
            "ref": null,
            "rendered": null,
            "type": "input",
          },
          Object {
            "instance": null,
            "key": undefined,
            "nodeType": "host",
            "props": Object {
              "name": "email",
              "onChange": [Function],
              "placeholder": "email",
              "type": "email",
              "value": undefined,
            },
            "ref": null,
            "rendered": null,
            "type": "input",
          },
          Object {
            "instance": null,
            "key": undefined,
            "nodeType": "host",
            "props": Object {
              "name": "password",
              "onChange": [Function],
              "placeholder": "password",
              "type": "password",
              "value": "",
            },
            "ref": null,
            "rendered": null,
            "type": "input",
          },
          Object {
            "instance": null,
            "key": undefined,
            "nodeType": "host",
            "props": Object {
              "children": "Sign up",
              "className": "sign-up-btn",
            },
            "ref": null,
            "rendered": "Sign up",
            "type": "button",
          },
        ],
        "type": "form",
      },
      "type": "div",
    },
  ],
  Symbol(enzyme.__options__): Object {
    "adapter": ReactSixteenAdapter {
      "options": Object {
        "enableComponentDidUpdateOnSetState": true,
      },
    },
  },
}
`;
